I'm sorry, but errors were detected in your script. Please correct the
errors listed below, and try again.


File "game/script.rpy", line 99: expected 'simple_expression' not found.
    show character_normal at with moveinbottom
                             ^

Ren'Py Version: Ren'Py 8.3.3.24111502
Mon Dec  2 15:01:06 2024
